// Jest Snapshot v1, https://goo.gl/fbAQLP

exports[`Button Component matches snapshot 1`] = `
<DocumentFragment>
  <button
    class="root primaryColor"
    type="button"
  >
    Button
  </button>
</DocumentFragment>
`;
