// Jest Snapshot v1, https://goo.gl/fbAQLP

exports[`Button Component matches snapshot 1`] = `
<DocumentFragment>
  <label
    class="root"
  >
    <input
      readonly=""
      value="Some output goes here!"
    />
  </label>
</DocumentFragment>
`;
