// Jest Snapshot v1, https://goo.gl/fbAQLP

exports[`Home Page matches snapshot 1`] = `
<DocumentFragment>
  <h1>
    Welcome!
  </h1>
  <h3>
    This website is coming soon
  </h3>
</DocumentFragment>
`;
